[0m17:36:33.424144 [debug] [MainThread]: Sending event: {'category': 'dbt', 'action': 'invocation', 'label': 'start', 'context': [<snowplow_tracker.self_describing_json.SelfDescribingJson object at 0x0000021FDAF6D640>, <snowplow_tracker.self_describing_json.SelfDescribingJson object at 0x0000021FDD2E6300>, <snowplow_tracker.self_describing_json.SelfDescribingJson object at 0x0000021FDDB5A480>]}


============================== 17:36:33.467623 | 6b32ba92-e319-4cba-86eb-b6049503e327 ==============================
[0m17:36:33.467623 [info ] [MainThread]: Running with dbt=1.10.10
[0m17:36:33.468624 [debug] [MainThread]: running dbt with arguments {'partial_parse': 'True', 'static_parser': 'True', 'send_anonymous_usage_stats': 'True', 'version_check': 'True', 'cache_selected_only': 'False', 'target_path': 'None', 'warn_error': 'None', 'invocation_command': 'dbt init dbd_code', 'log_format': 'default', 'use_colors': 'True', 'introspect': 'True', 'debug': 'False', 'log_cache_events': 'False', 'fail_fast': 'False', 'no_print': 'None', 'quiet': 'False', 'empty': 'None', 'use_experimental_parser': 'False', 'printer_width': '80', 'indirect_selection': 'eager', 'log_path': 'logs', 'write_json': 'True', 'warn_error_options': 'WarnErrorOptionsV2(error=[], warn=[], silence=[])', 'profiles_dir': 'C:\\Users\\eriku\\.dbt'}
[0m17:36:33.552480 [info ] [MainThread]: Creating dbt configuration folder at C:\Users\eriku\.dbt
[0m17:36:33.556608 [debug] [MainThread]: Starter project path: C:\Users\eriku\Desktop\DataenginerSTI2024-2026\Github\data_warehouse_lifecycle_de24\venv\Lib\site-packages\dbt\include\starter_project
[0m17:36:33.588820 [info ] [MainThread]: 
Your new dbt project "dbd_code" was created!

For more information on how to configure the profiles.yml file,
please consult the dbt documentation here:

  https://docs.getdbt.com/docs/configure-your-profile

One more thing:

Need help? Don't hesitate to reach out to us via GitHub issues or on Slack:

  https://community.getdbt.com/

Happy modeling!

[0m17:36:33.589818 [info ] [MainThread]: Setting up your profile.
[0m17:46:24.512902 [info ] [MainThread]: Profile dbd_code written to C:\Users\eriku\.dbt\profiles.yml using target's profile_template.yml and your supplied values. Run 'dbt debug' to validate the connection.
[0m17:46:24.517265 [debug] [MainThread]: Command `dbt init` succeeded at 17:46:24.517265 after 591.35 seconds
[0m17:46:24.519552 [debug] [MainThread]: Sending event: {'category': 'dbt', 'action': 'invocation', 'label': 'end', 'context': [<snowplow_tracker.self_describing_json.SelfDescribingJson object at 0x0000021FEF7DD880>, <snowplow_tracker.self_describing_json.SelfDescribingJson object at 0x0000021FEFF957C0>, <snowplow_tracker.self_describing_json.SelfDescribingJson object at 0x0000021FEF6CF8F0>]}
[0m17:46:24.520596 [debug] [MainThread]: Flushing usage events
[0m17:46:25.802407 [debug] [MainThread]: An error was encountered while trying to flush usage events
